// Jest Snapshot v1, https://goo.gl/fbAQLP

exports[`Tests in <Sidebar /> should render correctly 1`] = `
<aside
  className="journal__sidebar"
>
  <div
    className="journal__sidebar-navbar"
  >
    <h3
      className="mt-5"
    >
      <i
        className="far fa-moon"
      />
      <span
        className="animate__animated animate__fadeIn animate__faster"
      >
         
        Christopher
      </span>
    </h3>
    <button
      className="btn animate__animated animate__fadeIn animate__faster"
      onClick={[Function]}
    >
      Logout
    </button>
  </div>
  <div
    className="journal__new-entry animate__animated animate__fadeIn animate__faster"
    onClick={[Function]}
  >
    <i
      className="far fa-calendar-plus fa-5x"
    />
    <p
      className="mt-5"
    >
      New entry
    </p>
  </div>
  <div
    className="journal__entries"
  />
</aside>
`;
