// Jest Snapshot v1, https://goo.gl/fbAQLP

exports[`Test in <FirstApp /> <FirstApp /> should be rendered correctly 1`] = `
<Fragment>
  <h1>
    Hello, I am Goku
  </h1>
  <p>
    I am a subtitle
  </p>
</Fragment>
`;
