// Jest Snapshot v1, https://goo.gl/fbAQLP

exports[`Tests in <HomeScreen />  Should be rendered correctly 1`] = `
<div>
  <h1>
    HomeScreen 
    PLEASE Christopher
  </h1>
  <hr />
  <pre>
    {
   "name": "Christopher",
   "email": "christopher@gmail.com"
}
  </pre>
</div>
`;
