// Jest Snapshot v1, https://goo.gl/fbAQLP

exports[`Tests in <HookApp /> should be rendered correctly 1`] = `
<div>
  <h1>
     Hello World 
  </h1>
</div>
`;
