// Jest Snapshot v1, https://goo.gl/fbAQLP

exports[`Test into <GifGridItem /> component test into the component 1`] = `
<div
  className="card animate__animated animate__bounceIn animate__delay-1s"
>
  <img
    alt="Hello"
    src="https://google.cl"
  />
  <p>
    Hello
  </p>
</div>
`;
